ID=string(100)
PART_NO=string(255):mandatory
STATUS=string(100)
COURSE=string(25):mandatory
COURSE_VERSION=string(100) 
DESCRIPTION=string(5000)
DOMAIN=string(100):mandatory
DURATION=time:mandatory
LOCATION=string(255):mandatory
LANGUAGE=string(80):mandatory
CURRENCY=string(50)
OFFERING_PRICE=float
MIN_LEARNERS=integer:mandatory
MAX_LEARNERS=integer:mandatory
MAX_WAITINGLIST=integer:mandatory
VENDOR=string(200)
LOCALE=string(255)
OPEN_ENROLL_DATE=date(yyyy-MM-dd):mandatory
ENRL_CLOSES_BEFORE=date(yyyy-MM-dd):mandatory
AVAIL_FROM=date(yyyy-MM-dd):mandatory
SESSION_NAME1=string(50):mandatory
SESSION_START_DATE1=date(yyyy-MM-dd):mandatory
SESSION_START_TIME1=time:mandatory
SESSION_END_TIME1=time:mandatory
SESSION_NAME2=string(50)
SESSION_START_DATE2=date(yyyy-MM-dd)
SESSION_START_TIME2=time
SESSION_END_TIME2=time
SESSION_NAME3=string(50)
SESSION_START_DATE3=date(yyyy-MM-dd)
SESSION_START_TIME3=time
SESSION_END_TIME3=time
SESSION_NAME4=string(50)
SESSION_START_DATE4=date(yyyy-MM-dd)
SESSION_START_TIME4=time
SESSION_END_TIME4=time
SESSION_NAME5=string(50)
SESSION_START_DATE5=date(yyyy-MM-dd)
SESSION_START_TIME5=time
SESSION_END_TIME5=time
SESSION_NAME6=string(50)
SESSION_START_DATE6=date(yyyy-MM-dd)
SESSION_START_TIME6=time
SESSION_END_TIME6=time

